_com_cloudant_clouseau_IndexManagerService_50thPercentile{name="\"opens\""}
_com_cloudant_clouseau_IndexManagerService_75thPercentile{name="\"opens\""}
_com_cloudant_clouseau_IndexManagerService_95thPercentile{name="\"opens\""}
_com_cloudant_clouseau_IndexManagerService_98thPercentile{name="\"opens\""}
_com_cloudant_clouseau_IndexManagerService_999thPercentile{name="\"opens\""}
_com_cloudant_clouseau_IndexManagerService_99thPercentile{name="\"opens\""}
_com_cloudant_clouseau_IndexManagerService_Count{name="\"lru.evictions\""}
_com_cloudant_clouseau_IndexManagerService_Count{name="\"lru.misses\""}
_com_cloudant_clouseau_IndexManagerService_Count{name="\"opens\""}
_com_cloudant_clouseau_IndexManagerService_FifteenMinuteRate{name="\"lru.evictions\""}
_com_cloudant_clouseau_IndexManagerService_FifteenMinuteRate{name="\"lru.misses\""}
_com_cloudant_clouseau_IndexManagerService_FifteenMinuteRate{name="\"opens\""}
_com_cloudant_clouseau_IndexManagerService_FiveMinuteRate{name="\"lru.evictions\""}
_com_cloudant_clouseau_IndexManagerService_FiveMinuteRate{name="\"lru.misses\""}
_com_cloudant_clouseau_IndexManagerService_FiveMinuteRate{name="\"opens\""}
_com_cloudant_clouseau_IndexManagerService_Max{name="\"opens\""}
_com_cloudant_clouseau_IndexManagerService_MeanRate{name="\"lru.evictions\""}
_com_cloudant_clouseau_IndexManagerService_MeanRate{name="\"lru.misses\""}
_com_cloudant_clouseau_IndexManagerService_MeanRate{name="\"opens\""}
_com_cloudant_clouseau_IndexManagerService_Mean{name="\"opens\""}
_com_cloudant_clouseau_IndexManagerService_Min{name="\"opens\""}
_com_cloudant_clouseau_IndexManagerService_Number{name="\"NativeFSLock.count\""}
_com_cloudant_clouseau_IndexManagerService_Number{name="\"indexes.seen.1d\""}
_com_cloudant_clouseau_IndexManagerService_Number{name="\"indexes.seen.1h\""}
_com_cloudant_clouseau_IndexManagerService_Number{name="\"indexes.seen.1m\""}
_com_cloudant_clouseau_IndexManagerService_Number{name="\"indexes.seen.1w\""}
_com_cloudant_clouseau_IndexManagerService_OneMinuteRate{name="\"lru.evictions\""}
_com_cloudant_clouseau_IndexManagerService_OneMinuteRate{name="\"lru.misses\""}
_com_cloudant_clouseau_IndexManagerService_OneMinuteRate{name="\"opens\""}
_com_cloudant_clouseau_IndexManagerService_StdDev{name="\"opens\""}
_com_cloudant_clouseau_IndexManagerService_Value{name="\"NativeFSLock.count\""}
_com_cloudant_clouseau_IndexManagerService_Value{name="\"indexes.seen.1d\""}
_com_cloudant_clouseau_IndexManagerService_Value{name="\"indexes.seen.1h\""}
_com_cloudant_clouseau_IndexManagerService_Value{name="\"indexes.seen.1m\""}
_com_cloudant_clouseau_IndexManagerService_Value{name="\"indexes.seen.1w\""}
_com_cloudant_clouseau_IndexService_50thPercentile{name="\"commits\""}
_com_cloudant_clouseau_IndexService_50thPercentile{name="\"deletes\""}
_com_cloudant_clouseau_IndexService_50thPercentile{name="\"searches\""}
_com_cloudant_clouseau_IndexService_50thPercentile{name="\"updates\""}
_com_cloudant_clouseau_IndexService_75thPercentile{name="\"commits\""}
_com_cloudant_clouseau_IndexService_75thPercentile{name="\"deletes\""}
_com_cloudant_clouseau_IndexService_75thPercentile{name="\"searches\""}
_com_cloudant_clouseau_IndexService_75thPercentile{name="\"updates\""}
_com_cloudant_clouseau_IndexService_95thPercentile{name="\"commits\""}
_com_cloudant_clouseau_IndexService_95thPercentile{name="\"deletes\""}
_com_cloudant_clouseau_IndexService_95thPercentile{name="\"searches\""}
_com_cloudant_clouseau_IndexService_95thPercentile{name="\"updates\""}
_com_cloudant_clouseau_IndexService_98thPercentile{name="\"commits\""}
_com_cloudant_clouseau_IndexService_98thPercentile{name="\"deletes\""}
_com_cloudant_clouseau_IndexService_98thPercentile{name="\"searches\""}
_com_cloudant_clouseau_IndexService_98thPercentile{name="\"updates\""}
_com_cloudant_clouseau_IndexService_999thPercentile{name="\"commits\""}
_com_cloudant_clouseau_IndexService_999thPercentile{name="\"deletes\""}
_com_cloudant_clouseau_IndexService_999thPercentile{name="\"searches\""}
_com_cloudant_clouseau_IndexService_999thPercentile{name="\"updates\""}
_com_cloudant_clouseau_IndexService_99thPercentile{name="\"commits\""}
_com_cloudant_clouseau_IndexService_99thPercentile{name="\"deletes\""}
_com_cloudant_clouseau_IndexService_99thPercentile{name="\"searches\""}
_com_cloudant_clouseau_IndexService_99thPercentile{name="\"updates\""}
_com_cloudant_clouseau_IndexService_Count{name="\"commits\""}
_com_cloudant_clouseau_IndexService_Count{name="\"deletes\""}
_com_cloudant_clouseau_IndexService_Count{name="\"partition_search.timeout.count\""}
_com_cloudant_clouseau_IndexService_Count{name="\"searches\""}
_com_cloudant_clouseau_IndexService_Count{name="\"updates\""}
_com_cloudant_clouseau_IndexService_FifteenMinuteRate{name="\"commits\""}
_com_cloudant_clouseau_IndexService_FifteenMinuteRate{name="\"deletes\""}
_com_cloudant_clouseau_IndexService_FifteenMinuteRate{name="\"partition_search.timeout.count\""}
_com_cloudant_clouseau_IndexService_FifteenMinuteRate{name="\"searches\""}
_com_cloudant_clouseau_IndexService_FifteenMinuteRate{name="\"updates\""}
_com_cloudant_clouseau_IndexService_FiveMinuteRate{name="\"commits\""}
_com_cloudant_clouseau_IndexService_FiveMinuteRate{name="\"deletes\""}
_com_cloudant_clouseau_IndexService_FiveMinuteRate{name="\"partition_search.timeout.count\""}
_com_cloudant_clouseau_IndexService_FiveMinuteRate{name="\"searches\""}
_com_cloudant_clouseau_IndexService_FiveMinuteRate{name="\"updates\""}
_com_cloudant_clouseau_IndexService_Max{name="\"commits\""}
_com_cloudant_clouseau_IndexService_Max{name="\"deletes\""}
_com_cloudant_clouseau_IndexService_Max{name="\"searches\""}
_com_cloudant_clouseau_IndexService_Max{name="\"updates\""}
_com_cloudant_clouseau_IndexService_MeanRate{name="\"commits\""}
_com_cloudant_clouseau_IndexService_MeanRate{name="\"deletes\""}
_com_cloudant_clouseau_IndexService_MeanRate{name="\"partition_search.timeout.count\""}
_com_cloudant_clouseau_IndexService_MeanRate{name="\"searches\""}
_com_cloudant_clouseau_IndexService_MeanRate{name="\"updates\""}
_com_cloudant_clouseau_IndexService_Mean{name="\"commits\""}
_com_cloudant_clouseau_IndexService_Mean{name="\"deletes\""}
_com_cloudant_clouseau_IndexService_Mean{name="\"searches\""}
_com_cloudant_clouseau_IndexService_Mean{name="\"updates\""}
_com_cloudant_clouseau_IndexService_Min{name="\"commits\""}
_com_cloudant_clouseau_IndexService_Min{name="\"deletes\""}
_com_cloudant_clouseau_IndexService_Min{name="\"searches\""}
_com_cloudant_clouseau_IndexService_Min{name="\"updates\""}
_com_cloudant_clouseau_IndexService_OneMinuteRate{name="\"commits\""}
_com_cloudant_clouseau_IndexService_OneMinuteRate{name="\"deletes\""}
_com_cloudant_clouseau_IndexService_OneMinuteRate{name="\"partition_search.timeout.count\""}
_com_cloudant_clouseau_IndexService_OneMinuteRate{name="\"searches\""}
_com_cloudant_clouseau_IndexService_OneMinuteRate{name="\"updates\""}
_com_cloudant_clouseau_IndexService_StdDev{name="\"commits\""}
_com_cloudant_clouseau_IndexService_StdDev{name="\"deletes\""}
_com_cloudant_clouseau_IndexService_StdDev{name="\"searches\""}
_com_cloudant_clouseau_IndexService_StdDev{name="\"updates\""}
_com_cloudant_clouseau_InitService_50thPercentile{name="\"spawned.timer\""}
_com_cloudant_clouseau_InitService_75thPercentile{name="\"spawned.timer\""}
_com_cloudant_clouseau_InitService_95thPercentile{name="\"spawned.timer\""}
_com_cloudant_clouseau_InitService_98thPercentile{name="\"spawned.timer\""}
_com_cloudant_clouseau_InitService_999thPercentile{name="\"spawned.timer\""}
_com_cloudant_clouseau_InitService_99thPercentile{name="\"spawned.timer\""}
_com_cloudant_clouseau_InitService_Count{name="\"spawned.failure\""}
_com_cloudant_clouseau_InitService_Count{name="\"spawned.success\""}
_com_cloudant_clouseau_InitService_Count{name="\"spawned.timer\""}
_com_cloudant_clouseau_InitService_FifteenMinuteRate{name="\"spawned.failure\""}
_com_cloudant_clouseau_InitService_FifteenMinuteRate{name="\"spawned.success\""}
_com_cloudant_clouseau_InitService_FifteenMinuteRate{name="\"spawned.timer\""}
_com_cloudant_clouseau_InitService_FiveMinuteRate{name="\"spawned.failure\""}
_com_cloudant_clouseau_InitService_FiveMinuteRate{name="\"spawned.success\""}
_com_cloudant_clouseau_InitService_FiveMinuteRate{name="\"spawned.timer\""}
_com_cloudant_clouseau_InitService_Max{name="\"spawned.timer\""}
_com_cloudant_clouseau_InitService_MeanRate{name="\"spawned.failure\""}
_com_cloudant_clouseau_InitService_MeanRate{name="\"spawned.success\""}
_com_cloudant_clouseau_InitService_MeanRate{name="\"spawned.timer\""}
_com_cloudant_clouseau_InitService_Mean{name="\"spawned.timer\""}
_com_cloudant_clouseau_InitService_Min{name="\"spawned.timer\""}
_com_cloudant_clouseau_InitService_OneMinuteRate{name="\"spawned.failure\""}
_com_cloudant_clouseau_InitService_OneMinuteRate{name="\"spawned.success\""}
_com_cloudant_clouseau_InitService_OneMinuteRate{name="\"spawned.timer\""}
_com_cloudant_clouseau_InitService_StdDev{name="\"spawned.timer\""}
